가와	갑/I-VA 아/I-EC	11
가움	갑/I-VA ㅁ/I-ETN	11
가워	갑/I-VA 어/I-EC	11
갔다와	가/I-VV 았/I-EP 다/I-EC 오/I-VV 아/I-EC	212
갔다왔	가/I-VV 았/I-EP 다/I-EC 오/I-VV 았/I-EP	212
거였	것/I-NNB 이/I-VCP 었/I-EP	12
거예	것/I-NNB 이/I-VCP 에/I-EF	12
거요	것/I-NNB 이/I-VCP 오/I-EF	12
거움	겁/I-VA ㅁ/I-ETN	11
거워	겁/I-VA 어/I-EC	11
거워	겁/I-VA 어/I-EF	11
거워져	겁/I-VA 어/I-EC 지/I-VX 어/I-EC	112
거워졌	겁/I-VA 어/I-EC 지/I-VX 었/I-EP	112
건	것/I-NNB ㄴ/I-JX	2
건	것/I-NNB 이/I-VCP ㄴ/I-EC	3
건	것/I-NNB 이/I-VCP ㄴ/I-EF	3
건	것/I-NP ㄴ/I-JX	2
걸	것/I-NNB ㄹ/I-JKO	2
걸	것/I-NNB 이/I-VCP ㄹ/I-EC	3
걸	것/I-NNB 이/I-VCP ㄹ/I-EF	3
걸	것/I-NP ㄹ/I-JKO	2
걸어나갔	걷/I-VV 어/I-EC 나/I-VV 가/I-VV 았/I-EP	1112
걸어나왔	걷/I-VV 어/I-EC 나/I-VV 오/I-VV 았/I-EP	1112
걸어다녔	걷/I-VV 어/I-EC 다/I-VV 니/I-VV 었/I-EP	1112
걸어들어갔	걷/I-VV 어/I-EC 들/I-VV 어/I-VV 가/I-VV 았/I-EP	11112
겁	것/I-NNB 이/I-VCP ㅂ/I-EF	3
게요	것/I-NNB 이/I-VCP 오/I-EF	21
겐	게/I-JKB 이/I-VCP ㄴ/I-E	3
겨버렸	기/I-VV 어/I-EC 버/I-VX 리/I-VX 었/I-EP	212
겨움	겹/I-VA ㅁ/I-ETN	11
겨워	겹/I-VA 어/I-EC	11
겨워	겹/I-VA 어/I-EF	11
고와	곱/I-VA 아/I-EC	11
고우	곱/I-VA 으/I-EC	11
곤	고/I-EC 는/I-JX	2
구워	굽/I-VV 어/I-EC	11
군	구/I-NP 이/I-VCP ㄴ/I-EC	3
군	구/I-NP 이/I-VCP ㄴ/I-EF	3
굴	구/I-NP 이/I-VCP ㄹ/I-EF	3
그어져	긋/I-VV 어/I-EC 지/I-VX 어/I-EC	112
기워	깁/I-VV 어/I-EC	11
긴	기/I-NNG 이/I-VCP ㄴ/I-EC	3
긴	기/I-NNG 이/I-VCP ㄴ/I-EF	3
긴	이/I-VCP 기/I-ETN ㄴ/I-JX	3
길러냈	기/I-VV 르/I-VV 어/I-EC 내/I-VX 었/I-EP	212
깁	기/I-NNG 이/I-VCP ㅂ/I-EF	3
까봐	ㄹ/I-EC 까/I-EC 보/I-VX 아/I-EC	22
까와	깝/I-VA 아/I-EC	11
까와	깝/I-VA 어/I-EC	11
까우	깝/I-VA 으/I-EC	11
까움	깝/I-VA ㅁ/I-ETN	11
까워	깝/I-VA 어/I-EC	11
까워	깝/I-VA 어/I-EF	11
까워져	깝/I-VA 어/I-EC 지/I-VX 어/I-EC	112
까워졌	깝/I-VA 어/I-EC 지/I-VX 었/I-EP	112
꺄	끼/I-NNG 야/I-JKV	2
꺼워	껍/I-VA 어/I-EC	11
나워	납/I-VA 어/I-EC	11
내	나/I-NP 에/I-JKB	2
내	나/I-NP 의/I-JKG	2
낼	내/I-NNG 일/I-NNG	2
네	너/I-NP 에/I-JKB	2
네	너/I-NP 의/I-JKG	2
누우	눕/I-VV 으/I-EC	11
누워	눕/I-VV 어/I-EC	11
누워	눕/I-VV 어/I-EF	11
누워버렸	눕/I-VV 어/I-EC 버/I-VX 리/I-VX 었/I-EP	1112
니뭐니해	이/I-VCP 니/I-EC 뭐/I-NP 이/I-VCP 니/I-EC 하/I-VV 여/I-EC	2122
다운	답/I-VA ㄴ/I-ETN	11
다움	답/I-XSA ㅁ/I-ETN	11
다움	답/I-VA ㅁ/I-ETN	11
다워	답/I-XSA 어/I-EC	11
다워	답/I-VA 어/I-EC	11
댔	다/I-EC 하/I-VV 였/I-EP	3
더우	덥/I-VA 으/I-EC	11
더워	덥/I-VA 어/I-EC	11
도와	돕/I-VV 아/I-EC	11
도우	돕/I-VV 으/I-EC	11
돕	도/I-NNG 이/I-VCP ㅂ/I-EF	3
돼버렸	되/I-VV 어/I-EC 버/I-VX 리/I-VX 었/I-EP	212
두워	둡/I-VA 어/I-EC	11
두워져	둡/I-VA 어/I-EC 지/I-VX 어/I-EC	112
두워졌	둡/I-VA 어/I-EC 지/I-VX 었/I-EP	112
둘러져	두/I-VV 르/I-VV 어/I-EC 지/I-VX 어/I-EC	212
드세	들/I-VV 시/I-EP 어/I-EF	12
드셨	들/I-VV 시/I-EP 었/I-EP	12
드십	들/I-VV 시/I-EP ㅂ/I-EF	12
들어보세	듣/I-VV 어/I-EC 보/I-VX 시/I-EP 어/I-EF	1112
들어봅	듣/I-VV 어/I-EC 보/I-VX ㅂ/I-EF	112
들어봐	듣/I-VV 어/I-EC 보/I-VX 아/I-EC	112
들어봐	듣/I-VV 어/I-EC 보/I-VX 아/I-EF	112
들어봤	듣/I-VV 어/I-EC 보/I-VX 았/I-EP	112
들으셨	듣/I-VV 으/I-EP 시/I-EP 었/I-EP	112
딘	디/I-NP 이/I-VCP ㄴ/I-EC	3
딘	디/I-NP 이/I-VCP ㄴ/I-EF	3
딥	디/I-NP 이/I-VCP ㅂ/I-EF	3
딨	디/I-NP 있/I-VV	2
땐	때/I-NNG 이/I-VCP ㄴ/I-EC	3
떠세	떻/I-VA 시/I-EP 어/I-EF	12
떠십	떻/I-VA 시/I-EP ㅂ/I-EF	12
라나왔	르/I-VV 아/I-EC 나/I-VV 오/I-VV 았/I-EP	212
라워	랍/I-VA 어/I-EC	11
래서였	렇/I-VA 어/I-EC 서/I-EC 이/I-VCP 었/I-EP	212
래선	렇/I-VA 어/I-EC 서/I-EC 이/I-VCP ㄴ/I-EC	23
랬	라/I-EC 하/I-VV 였/I-EP	3
랬	이/I-VCP 라/I-EC 하/I-VV 였/I-EP	4
러	어/I-EC	1
러우	럽/I-VA 으/I-EC	11
러우	럽/I-XSA 으/I-EC	11
러움	럽/I-VA ㅁ/I-ETN	11
러움	럽/I-XSA ㅁ/I-ETN	11
러워	럽/I-VA 어/I-EC	11
러워	럽/I-VA 어/I-EF	11
러워	럽/I-XSA 어/I-EC	11
러워	럽/I-XSA 어/I-EF	11
러워져	럽/I-VA 어/I-EC 지/I-VX 어/I-EC	112
러워져	럽/I-XSA 어/I-EC 지/I-VX 어/I-EC	112
러워졌	럽/I-VA 어/I-EC 지/I-VX 었/I-EP	112
러워졌	럽/I-XSA 어/I-EC 지/I-VX 었/I-EP	112
러워했	럽/I-VA 어/I-EC 하/I-VX 였/I-EP	112
러워했	럽/I-XSA 어/I-EC 하/I-VX 였/I-EP	112
렀	었/I-EP	1
려나가	리/I-VV 어/I-EC 나/I-VV 가/I-VV 아/I-EC	212
려나가	리/I-VV 어/I-EC 나/I-VX 가/I-VX 아/I-EC	212
려나갔	리/I-VV 어/I-EC 나/I-VV 가/I-VV 았/I-EP	212
려나갔	리/I-VV 어/I-EC 나/I-VX 가/I-VX 았/I-EP	212
려나와	리/I-VV 어/I-EC 나/I-VV 오/I-VV 아/I-EC	212
려나왔	리/I-VV 어/I-EC 나/I-VV 오/I-VV 았/I-EP	212
려들어가	리/I-VV 어/I-EC 들/I-VV 어/I-VV 가/I-VV 아/I-EC	2112
려들어갔	리/I-VV 어/I-EC 들/I-VV 어/I-VV 가/I-VV 았/I-EP	2112
려들어갔	리/I-VV 어/I-EC 들/I-VX 어/I-EC 가/I-VX 았/I-EP	2112
려버렸	리/I-VV 어/I-EC 버/I-VX 리/I-VX 었/I-EP	212
려보냈	리/I-VV 어/I-EC 보/I-VV 내/I-VV 었/I-EP	212
려우	렵/I-VA 으/I-EC	11
려움	렵/I-VA ㅁ/I-ETN	11
려워	렵/I-VA 어/I-EC	11
려워	렵/I-VA 어/I-EF	11
려워졌	렵/I-VA 어/I-EC 지/I-VX 었/I-EP	112
려퍼졌	리/I-VV 어/I-EC 퍼/I-VV 지/I-VV 었/I-EP	212
로와	롭/I-XSA 아/I-EC	11
로와	롭/I-VA 아/I-EC	11
로우	롭/I-XSA 으/I-EC	11
로우	롭/I-VA 으/I-EC	11
로움	롭/I-XSA ㅁ/I-ETN	11
로움	롭/I-VA ㅁ/I-ETN	11
로워	롭/I-XSA 어/I-EC	11
로워	롭/I-VA 어/I-EC	11
로워져	롭/I-VA 어/I-EC 지/I-VX 어/I-EC	112
로워졌	롭/I-XSA 어/I-EC 지/I-VX 었/I-EP	112
로워졌	롭/I-VA 어/I-EC 지/I-VX 었/I-EP	112
론	로/I-JKB 이/I-VCP ㄴ/I-EC	3
뤄	루/I-VV 어/I-VV	2
뤄져	루/I-VV 어/I-VV 지/I-VV 어/I-EC	22
뤄졌	루/I-VV 어/I-VV 지/I-VV 었/I-EP	22
리워	립/I-VA 어/I-EC	11
리워졌	립/I-VA 어/I-EC 지/I-VX 었/I-EP	112
린	리/I-NNG 이/I-VCP ㄴ/I-EC	3
린	리/I-NNG 이/I-VCP ㄴ/I-EF	3
립	리/I-NNG 이/I-VCP ㅂ/I-EF	3
마세	말/I-VV 시/I-EP 어/I-EF	12
마세	말/I-VX 시/I-EP 어/I-EC	12
마세	말/I-VX 시/I-EP 어/I-EF	12
마셔	말/I-VV 시/I-EP 어/I-EF	12
마십	말/I-VV 시/I-EP ㅂ/I-EF	12
마십	말/I-VX 시/I-EP ㅂ/I-EF	12
마워	맙/I-VA 어/I-EC	11
마워	맙/I-VA 어/I-EF	11
머잖	멀/I-VA 지/I-EC 않/I-VX	12
몰라했	모/I-VV 르/I-VV 아/I-EC 하/I-VX 였/I-EP	212
물어왔	묻/I-VV 어/I-EC 오/I-VX 았/I-EP	112
물으셨	묻/I-VV 으/I-EP 시/I-EP 었/I-EP	112
뭔	뭐/I-NP 이/I-VCP ㄴ/I-EC	3
뭘	무/I-NP 엇/I-NP ㄹ/I-JKO	3
뭣	무/I-NP 엇/I-NP	2
미워	밉/I-VA 어/I-EC	11
미워	밉/I-VA 어/I-EF	11
밌	미/I-VA 있/I-VA	2
벼움	볍/I-VA ㅁ/I-ETN	11
벼워	볍/I-VA 어/I-EC	11
벼워졌	볍/I-VA 어/I-EC 지/I-VX 었/I-EP	112
부어댔	붓/I-VV 어/I-EC 대/I-VX 었/I-EP	112
불러댔	부/I-VV 르/I-VV 어/I-EC 대/I-VX 었/I-EP	212
불러모	부/I-VV 르/I-VV 어/I-EC 모/I-VV 으/I-VV	212
불러세웠	부/I-VV 르/I-VV 어/I-EC 세/I-VV 우/I-VV 었/I-EP	2112
빨라져	빠/I-VA 르/I-VA 아/I-EC 지/I-VX 어/I-EC	212
빨라졌	빠/I-VA 르/I-VA 아/I-EC 지/I-VX 었/I-EP	212
사셨	살/I-VV 시/I-EP 었/I-EP	12
사십	살/I-VV 시/I-EP ㅂ/I-EF	12
서였	서/I-EC 이/I-VCP 었/I-EP	12
서워	섭/I-VA 어/I-EC	11
서워	섭/I-VA 어/I-EF	11
선	서/I-JKB 이/I-VCP ㄴ/I-EC	3
세	이/I-VCP 시/I-EP 어/I-EF	3
셨잖	시/I-EP 었/I-EP 지/I-EC 않/I-VX	22
쉬우	쉽/I-VA 으/I-EC	11
쉬워	쉽/I-VA 어/I-EC	11
쉬워졌	쉽/I-VA 어/I-EC 지/I-VX 었/I-EP	112
스워	습/I-VA 어/I-EC	11
슬러올라가	스/I-VV 르/I-VV 어/I-EC 올/I-VV 라/I-VV 가/I-VV 아/I-EC	21112
신	이/I-VCP 시/I-EP ㄴ/I-EF	3
십	이/I-VCP 시/I-EP ㅂ/I-EF	3
써서	쓰/I-VV 어/I-EC 서/I-EC	21
쓰여	씌/I-VV 어/I-EC	11
아세	알/I-VV 시/I-EP 어/I-EF	12
아셨	알/I-VV 시/I-EP 었/I-EP	12
아십	알/I-VV 시/I-EP ㅂ/I-EF	12
야	어/I-EC 야/I-EC 하/I-VX	3
어	엇/I-NP 이/I-VCP	2
언	엇/I-NP 이/I-VCP ㄴ/I-EC	3
얼	엇/I-NP ㄹ/I-JKO	2
엔	에/I-JKB 이/I-VCP ㄴ/I-EC	3
여드	이/I-VV 어/I-EC 들/I-VX	21
여버렸	이/I-VV 어/I-EC 버/I-VX 리/I-VX 었/I-EP	212
여움	엽/I-VA ㅁ/I-ETN	11
여워	엽/I-VA 어/I-EC	11
여워해	엽/I-VA 어/I-EC 하/I-VX 여/I-EC	112
오셨	오/I-VV 시/I-EP 었/I-EP	12
올라가	오/I-VV 르/I-VV 아/I-EC 가/I-VX 아/I-EC	212
와버렸	오/I-VV 아/I-EC 버/I-VX 리/I-VX 었/I-EP	212
왔다갔	오/I-VV 았/I-EP 다/I-EC 가/I-VV 았/I-EP	212
왔다갔	오/I-VV 았/I-EP 다/I-EC 가/I-VX 았/I-EP	212
워나가	우/I-VV 어/I-EC 나/I-VX 가/I-VX 아/I-EC	212
워버렸	우/I-VV 어/I-EC 버/I-VX 리/I-VX 었/I-EP	212
이어갔	잇/I-VV 어/I-EC 가/I-VX 았/I-EP	112
이어나갔	잇/I-VV 어/I-EC 나/I-VX 가/I-VX 았/I-EP	1112
이어왔	잇/I-VV 어/I-EC 오/I-VX 았/I-EP	112
이어져	잇/I-VV 어/I-EC 지/I-VX 어/I-EC	112
잔	자/I-NNG 이/I-VCP ㄴ/I-EC	3
잖	이/I-VCP 지/I-EC 않/I-VX	3
잖	지/I-EC 않/I-VX	2
잘라내	자/I-VV 르/I-VV 아/I-EC 내/I-VX 어/I-EC	212
잡	자/I-NNG 이/I-VCP ㅂ/I-EF	3
쟤	저/I-MM 아/I-NNG 이/I-NNG	3
제	저/I-NP 에/I-JKB	2
제	저/I-NP 의/I-JKG	2
져나가	지/I-VV 어/I-EC 나/I-VX 가/I-VX 아/I-EC	212
져나갔	지/I-VV 어/I-EC 나/I-VX 가/I-VX 았/I-EP	212
져나와	지/I-VV 어/I-EC 나/I-VV 오/I-VV 아/I-EC	212
져나왔	지/I-VV 어/I-EC 나/I-VV 오/I-VV 았/I-EP	212
져내렸	지/I-VV 어/I-EC 내/I-VV 리/I-VV 었/I-EP	212
져드	지/I-VV 어/I-EC 들/I-VX	21
져버려	지/I-VV 어/I-EC 버/I-VX 리/I-VX 어/I-EC	212
져버렸	지/I-VX 어/I-EC 버/I-VX 리/I-VX 었/I-EP	212
져버렸	지/I-VV 어/I-EC 버/I-VX 리/I-VX 었/I-EP	212
져야해	지/I-VV 어/I-EC 야/I-EC 하/I-VX 여/I-EF	212
졸라댔	조/I-VV 르/I-VV 아/I-EC 대/I-VX 었/I-EP	212
주셨	주/I-VX 시/I-EP 었/I-EP	12
주우	줍/I-VV 으/I-EC	11
주워	줍/I-VV 어/I-EC	11
지어져	짓/I-VV 어/I-EC 지/I-VX 어/I-EC	112
지어졌	짓/I-VV 어/I-EC 지/I-VX 었/I-EP	112
지워	짓/I-VV 어/I-EC	11
지워져	짓/I-VV 어/I-EC 지/I-VX 어/I-EC	112
진	지/I-NNG 이/I-VCP ㄴ/I-EC	3
질러댔	지/I-VV 르/I-VV 어/I-EC 대/I-VX 었/I-EP	212
집	지/I-NNG 이/I-VCP ㅂ/I-EF	3
째	찌/I-MAG 하/I-XSV 여/I-EC	3
쨌	찌/I-MAG 하/I-XSV 였/I-EP	3
찮	하/I-XSA 지/I-EC 않/I-VX	3
쳐버렸	치/I-VV 어/I-EC 버/I-VX 리/I-VX 었/I-EP	212
추워	춥/I-VA 어/I-EC	11
추워	춥/I-VA 어/I-EF	11
추워졌	춥/I-VA 어/I-EC 지/I-VX 었/I-EP	112
켜버렸	키/I-VV 어/I-EC 버/I-VX 리/I-VX 었/I-EP	212
켜세웠	키/I-VV 어/I-EC 세/I-VV 우/I-VV 었/I-EP	212
터워	텁/I-VA 어/I-EC	11
턴	터/I-JX 이/I-VCP ㄴ/I-EC	3
텐	터/I-NNB 이/I-VCP ㄴ/I-E	3
텐	터/I-NNB 이/I-VCP ㄴ/I-EF	3
해나가	하/I-XSV 여/I-EC 나/I-VX 가/I-VX 아/I-EC	212
해나갔	하/I-VV 여/I-EC 나/I-VX 가/I-VX 았/I-EP	212
해나갔	하/I-XSV 여/I-EC 나/I-VX 가/I-VX 았/I-EP	212
해들	하/I-VV 여/I-EC 듣/I-VV	21
해버려	하/I-XSV 여/I-EC 버/I-VX 리/I-VX 어/I-EC	212
해버렸	하/I-VV 여/I-EC 버/I-VX 리/I-VX 었/I-EP	212
해버렸	하/I-XSV 여/I-EC 버/I-VX 리/I-VX 었/I-EP	212
해보세	하/I-VV 여/I-EC 보/I-VX 시/I-EP 어/I-EF	212
해보세	하/I-XSV 여/I-EC 보/I-VX 시/I-EP 어/I-EF	212
해보였	하/I-VV 여/I-EC 보/I-VV 이/I-VV 었/I-EP	212
해보였	하/I-XSA 여/I-EC 보/I-VV 이/I-VV 었/I-EP	212
해서	하/I-VV 여/I-EC 서/I-EC	21
해서	하/I-VX 여/I-EC 서/I-EC	21
해서	하/I-XSA 여/I-EC 서/I-EC	21
해서	하/I-XSV 여/I-EC 서/I-EC	21
해서였	하/I-VV 여/I-EC 서/I-EC 이/I-VCP 었/I-EP	212
해서였	하/I-XSA 여/I-EC 서/I-EC 이/I-VCP 었/I-EP	212
해서였	하/I-XSV 여/I-EC 서/I-EC 이/I-VCP 었/I-EP	212
해서입	하/I-VV 여/I-EC 서/I-EC 이/I-VCP ㅂ/I-EF	212
해져갔	하/I-XSA 여/I-EC 지/I-VX 어/I-EC 가/I-VX 았/I-EP	222
해져왔	하/I-VV 여/I-EC 지/I-VX 어/I-EC 오/I-VX 았/I-EP	222
해주세	하/I-VV 여/I-EC 주/I-VX 시/I-EP 어/I-EC	212
해주세	하/I-VV 여/I-EC 주/I-VX 시/I-EP 어/I-EF	212
해주세	하/I-VX 여/I-EC 주/I-VX 시/I-EP 어/I-EF	212
해주세	하/I-XSV 여/I-EC 주/I-VX 시/I-EP 어/I-EF	212
해주셔	하/I-VV 여/I-EC 주/I-VX 시/I-EP 어/I-EC	212
해주셨	하/I-VV 여/I-EC 주/I-VX 시/I-EP 었/I-EP	212
해주십	하/I-VV 여/I-EC 주/I-VX 시/I-EP ㅂ/I-EF	212
해주십	하/I-VX 여/I-EC 주/I-VX 시/I-EP ㅂ/I-EF	212
해주십	하/I-XSV 여/I-EC 주/I-VX 시/I-EP ㅂ/I-EF	212
했잖	하/I-VV 였/I-EP 지/I-EC 않/I-VX	22
했잖	하/I-XSV 였/I-EP 지/I-EC 않/I-VX	22
혀버렸	히/I-VV 어/I-EC 버/I-VX 리/I-VX 었/I-EP	221
흘러갔	흐/I-VV 르/I-VV 어/I-EC 가/I-VX 았/I-EP	212
게	것/I-NNB 이/I-JKC	2
게	것/I-NNB 이/I-JKS	2
게	것/I-NP 이/I-JKC	2
게	것/I-NP 이/I-JKS	2
# 게	것/I-NNB 이/I-VCP	2
# 테	터/I-NNB 이/I-VCP	2

# 아래는 기분석 사전을 매핑하면서 추가
뭔	뭐/I-NP 이/I-VCP ㄴ/I-EF	3
겨	것/I-NNB 이/I-VCP 여/I-EF	3
겐	게/I-JKB 이/I-VCP ㄴ/I-EC	3
여	아/I-EF	1
언	엇/I-NP 이/I-VCP ㄴ/I-EF	3
뭘	뭐/I-NP 이/I-VCP ㄹ/I-EF	3
뭘	무/I-NP 엇/I-NP 으/I-JKB	3
뭡	무/I-NP 엇/I-NP 이/I-VCP ㅂ/I-EF	4
뭡	뭐/I-NP 이/I-VCP ㅂ/I-EF	3
치	지/I-EC	1
겁	것/I-NP 이/I-VCP ㅂ/I-EF	3
텐	터/I-NNB 이/I-VCP ㄴ/I-EC	3
해야	하/I-VV 여/I-EC 야/I-EC	21
니뭐	이/I-VCP 니/I-EC 뭐/I-NP	21
게	것/I-NNB	1
테	터/I-NNB	1
